---
source: tests/pager.rs
expression: rendered
---
== session: default ==
-- step 1 --
call:
{
  "tool": "r_repl",
  "arguments": {
    "input": "line <- paste(rep(\"x\", 200), collapse = \"\"); for (i in 1:200) cat(sprintf(\"line%04d %s\\n\", i, line))\n",
    "timeout_ms": 30000
  }
}
response:
{
  "type": "tool_result",
  "is_error": false,
  "content": [
    {
      "type": "text",
      "text": "> line <- paste(rep(\"x\", 200), collapse = \"\"); for (i in 1:200) cat(sprintf(\"line%04d %s\\n\", i, line))\n"
    },
    {
      "type": "text",
      "text": "--More-- (140p, 0.2%, @0..103/42103)"
    }
  ]
}
-- step 2 --
call:
{
  "tool": "r_repl",
  "arguments": {
    "input": ":where -i LINE01\n",
    "timeout_ms": 30000
  }
}
response:
{
  "type": "tool_result",
  "is_error": false,
  "content": [
    {
      "type": "text",
      "text": "[pager] next match is ~99 page(s) ahead: use :/i LINE01 or `:skip 99`"
    },
    {
      "type": "text",
      "text": "--More-- (140p, 0.2%, @103/42103)"
    }
  ]
}
-- step 3 --
call:
{
  "tool": "r_repl",
  "arguments": {
    "input": ":/i LINE01\n",
    "timeout_ms": 30000
  }
}
response:
{
  "type": "tool_result",
  "is_error": false,
  "content": [
    {
      "type": "text",
      "text": "[pager] search for `LINE01` @20893"
    },
    {
      "type": "text",
      "text": "[match] line0100 xxxxxxxxxxxxxxxxxxxxxxxxxxxxxxxxxxxxxxxxxxxxxxxxxxxxxxxxxxxxxxxxxxxxxxxxxxxxxxxxxxxxxxxxxxxxxxxxxxxxxxxxxxxxxxxxxxxxxxxxxxxxxxxxxxxxxxxxxxxxxxxxxxxxxxxxxxxxxxxxxxxxxxxxxxxxxxxxxxxxxxxxxxxxxxx...\n"
    },
    {
      "type": "text",
      "text": "--More-- (71p, 49.6%, @20893/42103)"
    }
  ]
}
-- step 4 --
call:
{
  "tool": "r_repl",
  "arguments": {
    "input": ":/iLINE01\n",
    "timeout_ms": 30000
  }
}
response:
{
  "type": "tool_result",
  "is_error": false,
  "content": [
    {
      "type": "text",
      "text": "[pager] pattern not found: iLINE01"
    },
    {
      "type": "text",
      "text": "--More-- (71p, 49.6%, @20893/42103)"
    }
  ]
}
-- step 5 --
call:
{
  "tool": "r_repl",
  "arguments": {
    "input": ":q\n",
    "timeout_ms": 30000
  }
}
response:
{
  "type": "tool_result",
  "is_error": false,
  "content": [
    {
      "type": "text",
      "text": "(END, 49.6%, @20893/42103)"
    },
    {
      "type": "text",
      "text": "> "
    }
  ]
}
