---
source: tests/pager.rs
expression: rendered
---
== session: default ==
-- step 1 --
call:
{
  "tool": "r_repl",
  "arguments": {
    "input": "line <- paste(rep(\"x\", 120), collapse = \"\"); for (i in 1:40) cat(sprintf(\"line%02d %s\\n\", i, line))\n",
    "timeout_ms": 30000
  }
}
response:
{
  "type": "tool_result",
  "is_error": false,
  "content": [
    {
      "type": "text",
      "text": "> line <- paste(rep(\"x\", 120), collapse = \"\"); for (i in 1:40) cat(sprintf(\"line%02d %s\\n\", i, line))\nline01 xxxxxxxxxxxxxxxxxxxxxxxxxxxxxxxxxxxxxxxxxxxxxxxxxxxxxxxxxxxxxxxxxxxxxxxxxxxxxxxxxxxxxxxxxxxxxxxxxxxxxxxxxxxxxxxxxxxxxxxx\n"
    },
    {
      "type": "text",
      "text": "--More-- (17p, 4.4%, @0..230/5222)"
    }
  ]
}
-- step 2 --
call:
{
  "tool": "r_repl",
  "arguments": {
    "input": ":next\n",
    "timeout_ms": 30000
  }
}
response:
{
  "type": "tool_result",
  "is_error": false,
  "content": [
    {
      "type": "text",
      "text": "line02 xxxxxxxxxxxxxxxxxxxxxxxxxxxxxxxxxxxxxxxxxxxxxxxxxxxxxxxxxxxxxxxxxxxxxxxxxxxxxxxxxxxxxxxxxxxxxxxxxxxxxxxxxxxxxxxxxxxxxxxx\nline03 xxxxxxxxxxxxxxxxxxxxxxxxxxxxxxxxxxxxxxxxxxxxxxxxxxxxxxxxxxxxxxxxxxxxxxxxxxxxxxxxxxxxxxxxxxxxxxxxxxxxxxxxxxxxxxxxxxxxxxxx\n"
    },
    {
      "type": "text",
      "text": "--More-- (16p, 9.3%, @230..486/5222)"
    }
  ]
}
-- step 3 --
call:
{
  "tool": "r_repl",
  "arguments": {
    "input": ":seek 0\n",
    "timeout_ms": 30000
  }
}
response:
{
  "type": "tool_result",
  "is_error": false,
  "content": [
    {
      "type": "text",
      "text": "[pager] elided output (already shown): @0..486\n"
    },
    {
      "type": "text",
      "text": "line04 xxxxxxxxxxxxxxxxxxxxxxxxxxxxxxxxxxxxxxxxxxxxxxxxxxxxxxxxxxxxxxxxxxxxxxxxxxxxxxxxxxxxxxxxxxxxxxxxxxxxxxxxxxxxxxxxxxxxxxxx\nline05 xxxxxxxxxxxxxxxxxxxxxxxxxxxxxxxxxxxxxxxxxxxxxxxxxxxxxxxxxxxxxxxxxxxxxxxxxxxxxxxxxxxxxxxxxxxxxxxxxxxxxxxxxxxxxxxxxxxxxxxx\n"
    },
    {
      "type": "text",
      "text": "--More-- (15p, 14.2%, @486..742/5222)"
    }
  ]
}
-- step 4 --
call:
{
  "tool": "r_repl",
  "arguments": {
    "input": ":next\n",
    "timeout_ms": 30000
  }
}
response:
{
  "type": "tool_result",
  "is_error": false,
  "content": [
    {
      "type": "text",
      "text": "line06 xxxxxxxxxxxxxxxxxxxxxxxxxxxxxxxxxxxxxxxxxxxxxxxxxxxxxxxxxxxxxxxxxxxxxxxxxxxxxxxxxxxxxxxxxxxxxxxxxxxxxxxxxxxxxxxxxxxxxxxx\nline07 xxxxxxxxxxxxxxxxxxxxxxxxxxxxxxxxxxxxxxxxxxxxxxxxxxxxxxxxxxxxxxxxxxxxxxxxxxxxxxxxxxxxxxxxxxxxxxxxxxxxxxxxxxxxxxxxxxxxxxxx\n"
    },
    {
      "type": "text",
      "text": "--More-- (15p, 19.1%, @742..998/5222)"
    }
  ]
}
-- step 5 --
call:
{
  "tool": "r_repl",
  "arguments": {
    "input": ":q\n",
    "timeout_ms": 30000
  }
}
response:
{
  "type": "tool_result",
  "is_error": false,
  "content": [
    {
      "type": "text",
      "text": "(END, 19.1%, @742..998/5222)"
    },
    {
      "type": "text",
      "text": "> "
    }
  ]
}
